=	-1	_	a
=	0	_	c
=	0	_	b
